// Jest Snapshot v1, https://goo.gl/fbAQLP

exports[`Day care day time matches snapshot 1`] = `
<DocumentFragment>
  <div
    class="MuiGrid-root makeStyles-mainContainer-3 MuiGrid-container"
  >
    <div
      class="MuiGrid-root MuiGrid-item MuiGrid-grid-xs-12"
    >
      <h2
        class="MuiTypography-root makeStyles-header-4 MuiTypography-h2"
      >
        What time of day do you need care?
      </h2>
    </div>
    <div
      class="MuiGrid-root MuiGrid-item MuiGrid-grid-xs-12"
    >
      <ul
        class="MuiList-root makeStyles-selector-2 MuiList-padding"
      >
        <li
          class="MuiListItem-root makeStyles-root-6 pill MuiListItem-gutters"
        >
          <input
            class="makeStyles-input-9"
            id="selector.dayTime.0"
            name="dayTime"
            readonly=""
            type="radio"
            value="MORNING"
          />
          <div
            class="makeStyles-controlIndicator-10 md"
            tabindex="0"
          >
            <div
              class="MuiGrid-root MuiGrid-container MuiGrid-wrap-xs-nowrap MuiGrid-align-items-xs-center"
            >
              <div>
                <p
                  class="MuiTypography-root MuiTypography-body1"
                >
                  Morning
                </p>
              </div>
            </div>
          </div>
        </li>
        <li
          class="MuiListItem-root makeStyles-root-6 pill MuiListItem-gutters"
        >
          <input
            class="makeStyles-input-9"
            id="selector.dayTime.1"
            name="dayTime"
            readonly=""
            type="radio"
            value="AFTERNOON"
          />
          <div
            class="makeStyles-controlIndicator-10 md"
            tabindex="0"
          >
            <div
              class="MuiGrid-root MuiGrid-container MuiGrid-wrap-xs-nowrap MuiGrid-align-items-xs-center"
            >
              <div>
                <p
                  class="MuiTypography-root MuiTypography-body1"
                >
                  Afternoon
                </p>
              </div>
            </div>
          </div>
        </li>
        <li
          class="MuiListItem-root makeStyles-root-6 pill MuiListItem-gutters"
        >
          <input
            checked=""
            class="makeStyles-input-9"
            id="selector.dayTime.2"
            name="dayTime"
            readonly=""
            type="radio"
            value="ALLDAY"
          />
          <div
            class="makeStyles-controlIndicator-10 md"
            tabindex="0"
          >
            <div
              class="MuiGrid-root MuiGrid-container MuiGrid-wrap-xs-nowrap MuiGrid-align-items-xs-center"
            >
              <div>
                <p
                  class="MuiTypography-root MuiTypography-body1"
                >
                  All day
                </p>
              </div>
            </div>
          </div>
        </li>
      </ul>
    </div>
    <div
      class="MuiGrid-root makeStyles-nextButtonContainer-1 MuiGrid-item MuiGrid-grid-xs-12"
    >
      <button
        class="MuiButtonBase-root MuiButton-root MuiButton-contained MuiButton-containedPrimary MuiButton-containedSizeLarge MuiButton-sizeLarge MuiButton-fullWidth"
        tabindex="0"
        type="button"
      >
        <span
          class="MuiButton-label"
        >
          Next
        </span>
        <span
          class="MuiTouchRipple-root"
        />
      </button>
    </div>
  </div>
</DocumentFragment>
`;
