// Jest Snapshot v1, https://goo.gl/fbAQLP

exports[`in facility account creation matches snapshot 1`] = `
<DocumentFragment>
  <div
    class="MuiBox-root MuiBox-root-3 Component-root-1 Component-root-2"
    state="entered"
  >
    <div>
      <div
        class="MuiGrid-root MuiGrid-container"
      >
        <div
          class="MuiGrid-root MuiGrid-item MuiGrid-grid-xs-12"
        >
          <p
            class="MuiTypography-root makeStyles-header-4 MuiTypography-body1"
          >
            There are 6 senior living communities near you!
          </p>
        </div>
        <div
          class="MuiGrid-root MuiGrid-item MuiGrid-grid-xs-12"
        >
          <h4
            class="MuiTypography-root makeStyles-inputHeader-6 makeStyles-inputHeader-9 MuiTypography-h4"
          >
            Create a free account to continue.
          </h4>
        </div>
        <div
          class="MuiGrid-root MuiGrid-container"
        >
          <div
            class="MuiGrid-root MuiGrid-item MuiGrid-grid-xs-12"
          >
            <div
              class="makeStyles-inputContainer-25"
            >
              <div
                class="MuiFormControl-root MuiTextField-root makeStyles-inline-26"
              >
                <label
                  class="MuiFormLabel-root MuiInputLabel-root MuiInputLabel-formControl MuiInputLabel-animated"
                  data-shrink="false"
                  for="email"
                  id="email-label"
                >
                  Email address
                </label>
                <div
                  class="MuiInputBase-root MuiInput-root MuiInputBase-formControl MuiInput-formControl"
                >
                  <input
                    aria-invalid="false"
                    class="MuiInputBase-input MuiInput-input"
                    id="email"
                    name="email"
                    type="email"
                    value=""
                  />
                </div>
              </div>
            </div>
          </div>
          <div
            class="MuiGrid-root MuiGrid-item MuiGrid-grid-xs-12"
          >
            <div
              class="makeStyles-buttonContainer-30 makeStyles-buttonContainer-31"
            >
              <button
                class="MuiButtonBase-root MuiButton-root MuiButton-contained MuiButton-containedPrimary MuiButton-containedSizeLarge MuiButton-sizeLarge Mui-disabled MuiButton-fullWidth Mui-disabled"
                disabled=""
                tabindex="-1"
                type="button"
              >
                <span
                  class="MuiButton-label"
                >
                  Continue
                </span>
              </button>
            </div>
          </div>
        </div>
      </div>
    </div>
  </div>
</DocumentFragment>
`;
