// Jest Snapshot v1, https://goo.gl/fbAQLP

exports[`in facility password page matches snapshot 1`] = `
<DocumentFragment>
  <div
    class="MuiGrid-root MuiGrid-container"
  >
    <h2
      class="MuiTypography-root makeStyles-header-7 MuiTypography-h2"
    >
      One final step. Create a password
    </h2>
    <div
      class="MuiGrid-root makeStyles-inputContainer-2 MuiGrid-item MuiGrid-grid-xs-12"
    >
      <div
        class="MuiFormControl-root MuiTextField-root makeStyles-inline-8"
      >
        <label
          class="MuiFormLabel-root MuiInputLabel-root MuiInputLabel-formControl MuiInputLabel-animated"
          data-shrink="false"
          for="password"
          id="password-label"
        >
          Password
        </label>
        <div
          class="MuiInputBase-root MuiInput-root MuiInputBase-formControl MuiInput-formControl"
        >
          <input
            aria-describedby="password-helper-text"
            aria-invalid="false"
            class="MuiInputBase-input MuiInput-input"
            id="password"
            name="password"
            type="password"
            value=""
          />
        </div>
        <p
          class="MuiFormHelperText-root"
          id="password-helper-text"
        >
          At least 6 characters
        </p>
      </div>
    </div>
    <div
      class="MuiGrid-root MuiGrid-item MuiGrid-grid-xs-12"
    >
      <p
        class="MuiTypography-root makeStyles-info1-16 MuiTypography-body1"
      >
        <span>
          By clicking "
        </span>
        View results
        <span>
          ", you agree to Care.com's
        </span>
         
        <a
          href="https://www.care.com/terms-of-use-popup-p1030.html"
          rel="noreferrer"
          tabindex="-1"
          target="_blank"
        >
          Terms of Use
        </a>
         
        <span>
          and
        </span>
         
        <a
          href="https://www.care.com/privacy-policy-popup-p1031.html"
          rel="noreferrer"
          tabindex="-1"
          target="_blank"
        >
          Privacy Policy
        </a>
      </p>
    </div>
    <div
      class="MuiGrid-root MuiGrid-item MuiGrid-grid-xs-12"
    >
      <div
        class="makeStyles-buttonContainer-26 makeStyles-buttonContainer-27"
      >
        <button
          class="MuiButtonBase-root MuiButton-root MuiButton-contained MuiButton-containedPrimary MuiButton-containedSizeLarge MuiButton-sizeLarge Mui-disabled MuiButton-fullWidth Mui-disabled"
          disabled=""
          tabindex="-1"
          type="button"
        >
          <span
            class="MuiButton-label"
          >
            View results
          </span>
        </button>
      </div>
    </div>
  </div>
</DocumentFragment>
`;
