// Jest Snapshot v1, https://goo.gl/fbAQLP

exports[`in facility relationship matches snapshot 1`] = `
<DocumentFragment>
  <div
    class="MuiGrid-root MuiGrid-container"
  >
    <div
      class="MuiGrid-root makeStyles-header-3 MuiGrid-item MuiGrid-grid-xs-12"
    >
      <h2
        class="MuiTypography-root makeStyles-header-5 MuiTypography-h2"
      >
        What is your relationship to the person needing care?
      </h2>
    </div>
    <div
      class="MuiGrid-root makeStyles-typeContainer-2 MuiGrid-item MuiGrid-grid-xs-12"
    >
      <ul
        class="MuiList-root makeStyles-selector-1 MuiList-padding"
      >
        <li
          class="MuiListItem-root makeStyles-root-7 pill MuiListItem-gutters"
        >
          <input
            class="makeStyles-input-10"
            id="selector.undefined.0"
            name=""
            readonly=""
            type="radio"
            value="PARENT"
          />
          <div
            class="makeStyles-controlIndicator-11 md"
            tabindex="0"
          >
            <div
              class="MuiGrid-root MuiGrid-container MuiGrid-wrap-xs-nowrap MuiGrid-align-items-xs-center"
            >
              <div>
                <p
                  class="MuiTypography-root MuiTypography-body1"
                >
                  Child
                </p>
              </div>
            </div>
          </div>
        </li>
        <li
          class="MuiListItem-root makeStyles-root-7 pill MuiListItem-gutters"
        >
          <input
            class="makeStyles-input-10"
            id="selector.undefined.1"
            name=""
            readonly=""
            type="radio"
            value="SPOUSE"
          />
          <div
            class="makeStyles-controlIndicator-11 md"
            tabindex="0"
          >
            <div
              class="MuiGrid-root MuiGrid-container MuiGrid-wrap-xs-nowrap MuiGrid-align-items-xs-center"
            >
              <div>
                <p
                  class="MuiTypography-root MuiTypography-body1"
                >
                  Spouse/partner
                </p>
              </div>
            </div>
          </div>
        </li>
        <li
          class="MuiListItem-root makeStyles-root-7 pill MuiListItem-gutters"
        >
          <input
            class="makeStyles-input-10"
            id="selector.undefined.2"
            name=""
            readonly=""
            type="radio"
            value="SELF"
          />
          <div
            class="makeStyles-controlIndicator-11 md"
            tabindex="0"
          >
            <div
              class="MuiGrid-root MuiGrid-container MuiGrid-wrap-xs-nowrap MuiGrid-align-items-xs-center"
            >
              <div>
                <p
                  class="MuiTypography-root MuiTypography-body1"
                >
                  Self
                </p>
              </div>
            </div>
          </div>
        </li>
        <li
          class="MuiListItem-root makeStyles-root-7 pill MuiListItem-gutters"
        >
          <input
            class="makeStyles-input-10"
            id="selector.undefined.3"
            name=""
            readonly=""
            type="radio"
            value="OTHER"
          />
          <div
            class="makeStyles-controlIndicator-11 md"
            tabindex="0"
          >
            <div
              class="MuiGrid-root MuiGrid-container MuiGrid-wrap-xs-nowrap MuiGrid-align-items-xs-center"
            >
              <div>
                <p
                  class="MuiTypography-root MuiTypography-body1"
                >
                  Other
                </p>
              </div>
            </div>
          </div>
        </li>
      </ul>
    </div>
  </div>
</DocumentFragment>
`;
