// Jest Snapshot v1, https://goo.gl/fbAQLP

exports[`Lead and Connect should render snapshot 1`] = `
<DocumentFragment>
  <button
    class="MuiButtonBase-root MuiButton-root MuiButton-contained MuiButton-containedPrimary MuiButton-fullWidth"
    tabindex="0"
    type="button"
  >
    <span
      class="MuiButton-label"
    >
      Launch L+C
    </span>
    <span
      class="MuiTouchRipple-root"
    />
  </button>
</DocumentFragment>
`;
