// Jest Snapshot v1, https://goo.gl/fbAQLP

exports[`Account Creation - Sign Up matches snapshot 1`] = `
<DocumentFragment>
  <div
    class="MuiBox-root MuiBox-root-7 Component-root-5 Component-root-6"
    state="entered"
  >
    <div>
      <div
        class="MuiGrid-root MuiGrid-container"
      >
        <div
          class="MuiGrid-root makeStyles-mainContainer-1 makeStyles-step1Container-2 MuiGrid-container"
        >
          <div
            class="MuiGrid-root MuiGrid-container"
          >
            <div
              class="MuiGrid-root MuiGrid-item MuiGrid-grid-xs-12"
            >
              <h2
                class="MuiTypography-root makeStyles-header-10 MuiTypography-h2"
              >
                Create a free account
              </h2>
            </div>
            <div
              class="MuiGrid-root MuiGrid-item MuiGrid-grid-xs-12"
            >
              <h4
                class="MuiTypography-root makeStyles-subheader-8 MuiTypography-h4"
              >
                <span>
                  See caregivers who match your needs.
                </span>
                <span
                  class="makeStyles-newLine-4"
                >
                  It only takes a few seconds.
                </span>
              </h4>
            </div>
            <div
              class="MuiGrid-root MuiGrid-container"
            >
              <div
                class="MuiGrid-root MuiGrid-item MuiGrid-grid-xs-12"
              >
                <div
                  class="makeStyles-inputContainer-28"
                >
                  <div
                    class="MuiFormControl-root MuiTextField-root makeStyles-inline-29"
                  >
                    <label
                      class="MuiFormLabel-root MuiInputLabel-root MuiInputLabel-formControl MuiInputLabel-animated"
                      data-shrink="false"
                      for="email"
                      id="email-label"
                    >
                      Email address
                    </label>
                    <div
                      class="MuiInputBase-root MuiInput-root MuiInputBase-formControl MuiInput-formControl"
                    >
                      <input
                        aria-invalid="false"
                        class="MuiInputBase-input MuiInput-input"
                        id="email"
                        name="email"
                        type="email"
                        value=""
                      />
                    </div>
                  </div>
                </div>
              </div>
              <div
                class="MuiGrid-root makeStyles-inputContainer-28 MuiGrid-item MuiGrid-grid-xs-12"
              >
                <div
                  class="MuiFormControl-root MuiTextField-root makeStyles-inline-29"
                >
                  <label
                    class="MuiFormLabel-root MuiInputLabel-root MuiInputLabel-formControl MuiInputLabel-animated"
                    data-shrink="false"
                    for="password"
                    id="password-label"
                  >
                    Password
                  </label>
                  <div
                    class="MuiInputBase-root MuiInput-root MuiInputBase-formControl MuiInput-formControl"
                  >
                    <input
                      aria-describedby="password-helper-text"
                      aria-invalid="false"
                      class="MuiInputBase-input MuiInput-input"
                      id="password"
                      name="password"
                      type="password"
                      value=""
                    />
                  </div>
                  <p
                    class="MuiFormHelperText-root"
                    id="password-helper-text"
                  >
                    Minimum 6 characters
                  </p>
                </div>
              </div>
              <div
                class="MuiGrid-root makeStyles-hearAboutUsContainer-26 MuiGrid-item MuiGrid-grid-xs-12"
              >
                <div
                  class="MuiFormControl-root makeStyles-selectContainer-33"
                >
                  <label
                    class="MuiFormLabel-root MuiInputLabel-root MuiInputLabel-formControl MuiInputLabel-animated"
                    data-shrink="false"
                    id="source"
                  >
                    How did you hear about us?
                  </label>
                  <div
                    class="MuiInputBase-root MuiInput-root MuiInput-underline no-value MuiInputBase-formControl MuiInput-formControl"
                  >
                    <div
                      aria-haspopup="listbox"
                      aria-labelledby="source"
                      class="MuiSelect-root MuiSelect-select MuiSelect-selectMenu MuiInputBase-input MuiInput-input"
                      id="source"
                      role="button"
                      tabindex="-1"
                    >
                      Select option
                    </div>
                    <input
                      aria-hidden="true"
                      class="MuiSelect-nativeInput"
                      name="howDidYouHearAboutUs"
                      tabindex="-1"
                      value=""
                    />
                    <svg
                      aria-hidden="true"
                      class="MuiSvgIcon-root makeStyles-root-39"
                      focusable="false"
                      viewBox="0 0 24 24"
                    >
                      <path
                        d="M18.2 8a.91.91 0 011.2 0 .91.91 0 010 1.2L12.6 16a.91.91 0 01-1.2 0L4.6 9.2a.91.91 0 010-1.2.91.91 0 011.2 0l6.2 6.2z"
                        fill="#223f5f"
                      />
                      <path
                        d="M12 16.37a1 1 0 01-.71-.26l-6.8-6.8a1.09 1.09 0 010-1.42 1.09 1.09 0 011.42 0L12 14l6.09-6.1a1.09 1.09 0 011.42 0 1.09 1.09 0 010 1.42l-6.8 6.8a1 1 0 01-.71.25zM5.2 7.93a.69.69 0 00-.49.18.76.76 0 000 1l6.8 6.8a.78.78 0 001 0l6.8-6.8a.76.76 0 000-1 .76.76 0 00-1 0L12 14.41l-.11-.1-6.2-6.2a.69.69 0 00-.49-.18z"
                        fill="#223f5f"
                      />
                    </svg>
                  </div>
                  <p
                    class="MuiFormHelperText-root"
                  >
                    <span>
                      ​
                    </span>
                  </p>
                </div>
              </div>
              <div
                class="MuiGrid-root MuiGrid-item MuiGrid-grid-xs-12"
              >
                <div
                  class="makeStyles-terms-36 makeStyles-terms-38"
                >
                  <p
                    class="MuiTypography-root makeStyles-info1-15 MuiTypography-body1"
                  >
                    <span>
                      By clicking "
                    </span>
                    Continue
                    <span>
                      ", you agree to our 
                    </span>
                    <a
                      href="https://www.care.com/terms-of-use-popup-p1030.html"
                      rel="noreferrer"
                      tabindex="-1"
                      target="_blank"
                    >
                      Terms of Use
                    </a>
                     
                    <span>
                      and
                    </span>
                     
                    <a
                      href="https://www.care.com/privacy-policy-popup-p1031.html"
                      rel="noreferrer"
                      tabindex="-1"
                      target="_blank"
                    >
                      Privacy Policy
                    </a>
                    <span>
                      .
                    </span>
                  </p>
                </div>
              </div>
              <div
                class="MuiGrid-root MuiGrid-item MuiGrid-grid-xs-12"
              >
                <div
                  class="makeStyles-joinNowButtonContainer-27"
                >
                  <button
                    class="MuiButtonBase-root MuiButton-root MuiButton-contained MuiButton-containedPrimary MuiButton-containedSizeLarge MuiButton-sizeLarge Mui-disabled MuiButton-fullWidth Mui-disabled"
                    disabled=""
                    tabindex="-1"
                    type="button"
                  >
                    <span
                      class="MuiButton-label"
                    >
                      Continue
                    </span>
                  </button>
                </div>
              </div>
            </div>
          </div>
        </div>
      </div>
    </div>
  </div>
</DocumentFragment>
`;
