// Jest Snapshot v1, https://goo.gl/fbAQLP

exports[`PasswordField matches snapshot 1`] = `
<DocumentFragment>
  <div
    class="MuiFormControl-root MuiTextField-root makeStyles-inline-1"
  >
    <label
      class="MuiFormLabel-root MuiInputLabel-root MuiInputLabel-formControl MuiInputLabel-animated"
      data-shrink="false"
      for="password"
      id="password-label"
    >
      Password
    </label>
    <div
      class="MuiInputBase-root MuiInput-root MuiInputBase-formControl MuiInput-formControl"
    >
      <input
        aria-describedby="password-helper-text"
        aria-invalid="false"
        class="MuiInputBase-input MuiInput-input"
        id="password"
        name="password"
        type="password"
        value=""
      />
    </div>
    <p
      class="MuiFormHelperText-root"
      id="password-helper-text"
    >
      This is the helper text
    </p>
  </div>
</DocumentFragment>
`;
