// Jest Snapshot v1, https://goo.gl/fbAQLP

exports[`Provider Profile Page matches snapshot 1`] = `
<DocumentFragment>
  <div
    class="MuiGrid-root MuiGrid-container"
  >
    <div
      class="MuiGrid-root MuiGrid-item MuiGrid-grid-xs-12"
    >
      <h2
        class="MuiTypography-root makeStyles-header-8 MuiTypography-h2"
      >
        Share a few more details about yourself. 
      </h2>
    </div>
    <div
      class="MuiGrid-root MuiGrid-item MuiGrid-grid-xs-12"
    >
      <fieldset
        class="MuiFormControl-root MuiFormControl-fullWidth"
      >
        <div
          class="MuiFormGroup-root"
        >
          <div>
            <h4
              class="MuiTypography-root makeStyles-title-4 MuiTypography-h4"
            >
              I have experience with:
            </h4>
            <label
              class="MuiFormControlLabel-root makeStyles-checkboxList-2 MuiFormControlLabel-labelPlacementStart"
            >
              <span
                aria-disabled="false"
                class="MuiButtonBase-root MuiIconButton-root PrivateSwitchBase-root-23 MuiCheckbox-root MuiCheckbox-colorSecondary MuiIconButton-colorSecondary"
              >
                <span
                  class="MuiIconButton-label"
                >
                  <input
                    class="PrivateSwitchBase-input-26"
                    data-indeterminate="false"
                    name="options"
                    type="checkbox"
                    value=""
                  />
                  <svg
                    aria-hidden="true"
                    class="MuiSvgIcon-root makeStyles-root-27"
                    focusable="false"
                    viewBox="0 0 24 24"
                  >
                    <path
                      d="M5.6.75h12.8a4.8 4.8 0 014.85 4.85v12.8a4.8 4.8 0 01-4.85 4.85H5.6A4.8 4.8 0 01.75 18.4V5.6A4.93 4.93 0 015.6.75z"
                      fill="#fff"
                    />
                    <path
                      d="M18.4 23.27H5.6A4.88 4.88 0 01.73 18.4V5.6A4.93 4.93 0 015.6.73h12.8a4.88 4.88 0 014.87 4.87v12.8a4.88 4.88 0 01-4.87 4.87zM5.6 1.73A3.92 3.92 0 001.73 5.6v12.8a3.88 3.88 0 003.87 3.87h12.8a3.88 3.88 0 003.87-3.87V5.6a3.88 3.88 0 00-3.87-3.87z"
                      fill="#23405f"
                    />
                  </svg>
                </span>
              </span>
              <span
                class="MuiTypography-root MuiFormControlLabel-label makeStyles-label-3 MuiTypography-body1"
              >
                Alzheimer’s or dementia
              </span>
            </label>
            <label
              class="MuiFormControlLabel-root makeStyles-checkboxList-2 MuiFormControlLabel-labelPlacementStart"
            >
              <span
                aria-disabled="false"
                class="MuiButtonBase-root MuiIconButton-root PrivateSwitchBase-root-23 MuiCheckbox-root MuiCheckbox-colorSecondary MuiIconButton-colorSecondary"
              >
                <span
                  class="MuiIconButton-label"
                >
                  <input
                    class="PrivateSwitchBase-input-26"
                    data-indeterminate="false"
                    name="options"
                    type="checkbox"
                    value=""
                  />
                  <svg
                    aria-hidden="true"
                    class="MuiSvgIcon-root makeStyles-root-28"
                    focusable="false"
                    viewBox="0 0 24 24"
                  >
                    <path
                      d="M5.6.75h12.8a4.8 4.8 0 014.85 4.85v12.8a4.8 4.8 0 01-4.85 4.85H5.6A4.8 4.8 0 01.75 18.4V5.6A4.93 4.93 0 015.6.75z"
                      fill="#fff"
                    />
                    <path
                      d="M18.4 23.27H5.6A4.88 4.88 0 01.73 18.4V5.6A4.93 4.93 0 015.6.73h12.8a4.88 4.88 0 014.87 4.87v12.8a4.88 4.88 0 01-4.87 4.87zM5.6 1.73A3.92 3.92 0 001.73 5.6v12.8a3.88 3.88 0 003.87 3.87h12.8a3.88 3.88 0 003.87-3.87V5.6a3.88 3.88 0 00-3.87-3.87z"
                      fill="#23405f"
                    />
                  </svg>
                </span>
              </span>
              <span
                class="MuiTypography-root MuiFormControlLabel-label makeStyles-label-3 MuiTypography-body1"
              >
                Hospice / end of life care
              </span>
            </label>
          </div>
          <div>
            <h4
              class="MuiTypography-root makeStyles-title-4 MuiTypography-h4"
            >
              Certifications and training
            </h4>
            <label
              class="MuiFormControlLabel-root makeStyles-checkboxList-2 MuiFormControlLabel-labelPlacementStart"
            >
              <span
                aria-disabled="false"
                class="MuiButtonBase-root MuiIconButton-root PrivateSwitchBase-root-23 MuiCheckbox-root MuiCheckbox-colorSecondary MuiIconButton-colorSecondary"
              >
                <span
                  class="MuiIconButton-label"
                >
                  <input
                    class="PrivateSwitchBase-input-26"
                    data-indeterminate="false"
                    name="options"
                    type="checkbox"
                    value=""
                  />
                  <svg
                    aria-hidden="true"
                    class="MuiSvgIcon-root makeStyles-root-29"
                    focusable="false"
                    viewBox="0 0 24 24"
                  >
                    <path
                      d="M5.6.75h12.8a4.8 4.8 0 014.85 4.85v12.8a4.8 4.8 0 01-4.85 4.85H5.6A4.8 4.8 0 01.75 18.4V5.6A4.93 4.93 0 015.6.75z"
                      fill="#fff"
                    />
                    <path
                      d="M18.4 23.27H5.6A4.88 4.88 0 01.73 18.4V5.6A4.93 4.93 0 015.6.73h12.8a4.88 4.88 0 014.87 4.87v12.8a4.88 4.88 0 01-4.87 4.87zM5.6 1.73A3.92 3.92 0 001.73 5.6v12.8a3.88 3.88 0 003.87 3.87h12.8a3.88 3.88 0 003.87-3.87V5.6a3.88 3.88 0 00-3.87-3.87z"
                      fill="#23405f"
                    />
                  </svg>
                </span>
              </span>
              <span
                class="MuiTypography-root MuiFormControlLabel-label makeStyles-label-3 MuiTypography-body1"
              >
                Home Health Aide or Equivalent
              </span>
            </label>
            <label
              class="MuiFormControlLabel-root makeStyles-checkboxList-2 MuiFormControlLabel-labelPlacementStart"
            >
              <span
                aria-disabled="false"
                class="MuiButtonBase-root MuiIconButton-root PrivateSwitchBase-root-23 MuiCheckbox-root MuiCheckbox-colorSecondary MuiIconButton-colorSecondary"
              >
                <span
                  class="MuiIconButton-label"
                >
                  <input
                    class="PrivateSwitchBase-input-26"
                    data-indeterminate="false"
                    name="options"
                    type="checkbox"
                    value=""
                  />
                  <svg
                    aria-hidden="true"
                    class="MuiSvgIcon-root makeStyles-root-30"
                    focusable="false"
                    viewBox="0 0 24 24"
                  >
                    <path
                      d="M5.6.75h12.8a4.8 4.8 0 014.85 4.85v12.8a4.8 4.8 0 01-4.85 4.85H5.6A4.8 4.8 0 01.75 18.4V5.6A4.93 4.93 0 015.6.75z"
                      fill="#fff"
                    />
                    <path
                      d="M18.4 23.27H5.6A4.88 4.88 0 01.73 18.4V5.6A4.93 4.93 0 015.6.73h12.8a4.88 4.88 0 014.87 4.87v12.8a4.88 4.88 0 01-4.87 4.87zM5.6 1.73A3.92 3.92 0 001.73 5.6v12.8a3.88 3.88 0 003.87 3.87h12.8a3.88 3.88 0 003.87-3.87V5.6a3.88 3.88 0 00-3.87-3.87z"
                      fill="#23405f"
                    />
                  </svg>
                </span>
              </span>
              <span
                class="MuiTypography-root MuiFormControlLabel-label makeStyles-label-3 MuiTypography-body1"
              >
                Certified Nursing Assistant
              </span>
            </label>
            <label
              class="MuiFormControlLabel-root makeStyles-checkboxList-2 MuiFormControlLabel-labelPlacementStart"
            >
              <span
                aria-disabled="false"
                class="MuiButtonBase-root MuiIconButton-root PrivateSwitchBase-root-23 MuiCheckbox-root MuiCheckbox-colorSecondary MuiIconButton-colorSecondary"
              >
                <span
                  class="MuiIconButton-label"
                >
                  <input
                    class="PrivateSwitchBase-input-26"
                    data-indeterminate="false"
                    name="options"
                    type="checkbox"
                    value=""
                  />
                  <svg
                    aria-hidden="true"
                    class="MuiSvgIcon-root makeStyles-root-31"
                    focusable="false"
                    viewBox="0 0 24 24"
                  >
                    <path
                      d="M5.6.75h12.8a4.8 4.8 0 014.85 4.85v12.8a4.8 4.8 0 01-4.85 4.85H5.6A4.8 4.8 0 01.75 18.4V5.6A4.93 4.93 0 015.6.75z"
                      fill="#fff"
                    />
                    <path
                      d="M18.4 23.27H5.6A4.88 4.88 0 01.73 18.4V5.6A4.93 4.93 0 015.6.73h12.8a4.88 4.88 0 014.87 4.87v12.8a4.88 4.88 0 01-4.87 4.87zM5.6 1.73A3.92 3.92 0 001.73 5.6v12.8a3.88 3.88 0 003.87 3.87h12.8a3.88 3.88 0 003.87-3.87V5.6a3.88 3.88 0 00-3.87-3.87z"
                      fill="#23405f"
                    />
                  </svg>
                </span>
              </span>
              <span
                class="MuiTypography-root MuiFormControlLabel-label makeStyles-label-3 MuiTypography-body1"
              >
                Registered Nurse
              </span>
            </label>
            <label
              class="MuiFormControlLabel-root makeStyles-checkboxList-2 MuiFormControlLabel-labelPlacementStart"
            >
              <span
                aria-disabled="false"
                class="MuiButtonBase-root MuiIconButton-root PrivateSwitchBase-root-23 MuiCheckbox-root MuiCheckbox-colorSecondary MuiIconButton-colorSecondary"
              >
                <span
                  class="MuiIconButton-label"
                >
                  <input
                    class="PrivateSwitchBase-input-26"
                    data-indeterminate="false"
                    name="options"
                    type="checkbox"
                    value=""
                  />
                  <svg
                    aria-hidden="true"
                    class="MuiSvgIcon-root makeStyles-root-32"
                    focusable="false"
                    viewBox="0 0 24 24"
                  >
                    <path
                      d="M5.6.75h12.8a4.8 4.8 0 014.85 4.85v12.8a4.8 4.8 0 01-4.85 4.85H5.6A4.8 4.8 0 01.75 18.4V5.6A4.93 4.93 0 015.6.75z"
                      fill="#fff"
                    />
                    <path
                      d="M18.4 23.27H5.6A4.88 4.88 0 01.73 18.4V5.6A4.93 4.93 0 015.6.73h12.8a4.88 4.88 0 014.87 4.87v12.8a4.88 4.88 0 01-4.87 4.87zM5.6 1.73A3.92 3.92 0 001.73 5.6v12.8a3.88 3.88 0 003.87 3.87h12.8a3.88 3.88 0 003.87-3.87V5.6a3.88 3.88 0 00-3.87-3.87z"
                      fill="#23405f"
                    />
                  </svg>
                </span>
              </span>
              <span
                class="MuiTypography-root MuiFormControlLabel-label makeStyles-label-3 MuiTypography-body1"
              >
                CPR Training
              </span>
            </label>
          </div>
          <div>
            <h4
              class="MuiTypography-root makeStyles-title-4 MuiTypography-h4"
            >
              Additional information
            </h4>
            <label
              class="MuiFormControlLabel-root makeStyles-checkboxList-2 MuiFormControlLabel-labelPlacementStart"
            >
              <span
                aria-disabled="false"
                class="MuiButtonBase-root MuiIconButton-root PrivateSwitchBase-root-23 MuiCheckbox-root MuiCheckbox-colorSecondary MuiIconButton-colorSecondary"
              >
                <span
                  class="MuiIconButton-label"
                >
                  <input
                    class="PrivateSwitchBase-input-26"
                    data-indeterminate="false"
                    name="options"
                    type="checkbox"
                    value=""
                  />
                  <svg
                    aria-hidden="true"
                    class="MuiSvgIcon-root makeStyles-root-33"
                    focusable="false"
                    viewBox="0 0 24 24"
                  >
                    <path
                      d="M5.6.75h12.8a4.8 4.8 0 014.85 4.85v12.8a4.8 4.8 0 01-4.85 4.85H5.6A4.8 4.8 0 01.75 18.4V5.6A4.93 4.93 0 015.6.75z"
                      fill="#fff"
                    />
                    <path
                      d="M18.4 23.27H5.6A4.88 4.88 0 01.73 18.4V5.6A4.93 4.93 0 015.6.73h12.8a4.88 4.88 0 014.87 4.87v12.8a4.88 4.88 0 01-4.87 4.87zM5.6 1.73A3.92 3.92 0 001.73 5.6v12.8a3.88 3.88 0 003.87 3.87h12.8a3.88 3.88 0 003.87-3.87V5.6a3.88 3.88 0 00-3.87-3.87z"
                      fill="#23405f"
                    />
                  </svg>
                </span>
              </span>
              <span
                class="MuiTypography-root MuiFormControlLabel-label makeStyles-label-3 MuiTypography-body1"
              >
                Non-smoker
              </span>
            </label>
            <label
              class="MuiFormControlLabel-root makeStyles-checkboxList-2 MuiFormControlLabel-labelPlacementStart"
            >
              <span
                aria-disabled="false"
                class="MuiButtonBase-root MuiIconButton-root PrivateSwitchBase-root-23 MuiCheckbox-root MuiCheckbox-colorSecondary MuiIconButton-colorSecondary"
              >
                <span
                  class="MuiIconButton-label"
                >
                  <input
                    class="PrivateSwitchBase-input-26"
                    data-indeterminate="false"
                    name="options"
                    type="checkbox"
                    value=""
                  />
                  <svg
                    aria-hidden="true"
                    class="MuiSvgIcon-root makeStyles-root-34"
                    focusable="false"
                    viewBox="0 0 24 24"
                  >
                    <path
                      d="M5.6.75h12.8a4.8 4.8 0 014.85 4.85v12.8a4.8 4.8 0 01-4.85 4.85H5.6A4.8 4.8 0 01.75 18.4V5.6A4.93 4.93 0 015.6.75z"
                      fill="#fff"
                    />
                    <path
                      d="M18.4 23.27H5.6A4.88 4.88 0 01.73 18.4V5.6A4.93 4.93 0 015.6.73h12.8a4.88 4.88 0 014.87 4.87v12.8a4.88 4.88 0 01-4.87 4.87zM5.6 1.73A3.92 3.92 0 001.73 5.6v12.8a3.88 3.88 0 003.87 3.87h12.8a3.88 3.88 0 003.87-3.87V5.6a3.88 3.88 0 00-3.87-3.87z"
                      fill="#23405f"
                    />
                  </svg>
                </span>
              </span>
              <span
                class="MuiTypography-root MuiFormControlLabel-label makeStyles-label-3 MuiTypography-body1"
              >
                Have a car
              </span>
            </label>
            <label
              class="MuiFormControlLabel-root makeStyles-checkboxList-2 MuiFormControlLabel-labelPlacementStart"
            >
              <span
                aria-disabled="false"
                class="MuiButtonBase-root MuiIconButton-root PrivateSwitchBase-root-23 MuiCheckbox-root MuiCheckbox-colorSecondary MuiIconButton-colorSecondary"
              >
                <span
                  class="MuiIconButton-label"
                >
                  <input
                    class="PrivateSwitchBase-input-26"
                    data-indeterminate="false"
                    name="options"
                    type="checkbox"
                    value=""
                  />
                  <svg
                    aria-hidden="true"
                    class="MuiSvgIcon-root makeStyles-root-35"
                    focusable="false"
                    viewBox="0 0 24 24"
                  >
                    <path
                      d="M5.6.75h12.8a4.8 4.8 0 014.85 4.85v12.8a4.8 4.8 0 01-4.85 4.85H5.6A4.8 4.8 0 01.75 18.4V5.6A4.93 4.93 0 015.6.75z"
                      fill="#fff"
                    />
                    <path
                      d="M18.4 23.27H5.6A4.88 4.88 0 01.73 18.4V5.6A4.93 4.93 0 015.6.73h12.8a4.88 4.88 0 014.87 4.87v12.8a4.88 4.88 0 01-4.87 4.87zM5.6 1.73A3.92 3.92 0 001.73 5.6v12.8a3.88 3.88 0 003.87 3.87h12.8a3.88 3.88 0 003.87-3.87V5.6a3.88 3.88 0 00-3.87-3.87z"
                      fill="#23405f"
                    />
                  </svg>
                </span>
              </span>
              <span
                class="MuiTypography-root MuiFormControlLabel-label makeStyles-label-3 MuiTypography-body1"
              >
                Comfortable with pets
              </span>
            </label>
            <label
              class="MuiFormControlLabel-root makeStyles-checkboxList-2 MuiFormControlLabel-labelPlacementStart"
            >
              <span
                aria-disabled="false"
                class="MuiButtonBase-root MuiIconButton-root PrivateSwitchBase-root-23 MuiCheckbox-root MuiCheckbox-colorSecondary MuiIconButton-colorSecondary"
              >
                <span
                  class="MuiIconButton-label"
                >
                  <input
                    class="PrivateSwitchBase-input-26"
                    data-indeterminate="false"
                    name="education"
                    type="checkbox"
                    value=""
                  />
                  <svg
                    aria-hidden="true"
                    class="MuiSvgIcon-root makeStyles-root-36"
                    focusable="false"
                    viewBox="0 0 24 24"
                  >
                    <path
                      d="M5.6.75h12.8a4.8 4.8 0 014.85 4.85v12.8a4.8 4.8 0 01-4.85 4.85H5.6A4.8 4.8 0 01.75 18.4V5.6A4.93 4.93 0 015.6.75z"
                      fill="#fff"
                    />
                    <path
                      d="M18.4 23.27H5.6A4.88 4.88 0 01.73 18.4V5.6A4.93 4.93 0 015.6.73h12.8a4.88 4.88 0 014.87 4.87v12.8a4.88 4.88 0 01-4.87 4.87zM5.6 1.73A3.92 3.92 0 001.73 5.6v12.8a3.88 3.88 0 003.87 3.87h12.8a3.88 3.88 0 003.87-3.87V5.6a3.88 3.88 0 00-3.87-3.87z"
                      fill="#23405f"
                    />
                  </svg>
                </span>
              </span>
              <span
                class="MuiTypography-root MuiFormControlLabel-label makeStyles-label-3 MuiTypography-body1"
              >
                Have a college degree
              </span>
            </label>
          </div>
        </div>
      </fieldset>
    </div>
    <div
      class="MuiGrid-root makeStyles-title-4 MuiGrid-item MuiGrid-grid-xs-12"
    >
      <h4
        class="MuiTypography-root MuiTypography-h4"
      >
        COVID vaccination
      </h4>
      <p
        class="MuiTypography-root makeStyles-body3-12 MuiTypography-body1 MuiTypography-colorSecondary"
      >
        Response required
      </p>
      <p
        class="MuiTypography-root makeStyles-vaccinationDescription-7 MuiTypography-body2"
      >
        Show I’m fully vaccinated against COVID-19
      </p>
      <p
        class="MuiTypography-root makeStyles-body3-12 MuiTypography-body1 MuiTypography-colorSecondary"
      >
        Families will see a badge on your profile indicating you’re fully vaccinated. They may ask for proof.
      </p>
    </div>
    <div
      class="MuiGrid-root MuiGrid-item MuiGrid-grid-xs-12"
    >
      <ul
        class="MuiList-root MuiList-padding"
      >
        <li
          class="MuiListItem-root makeStyles-root-38 MuiListItem-gutters"
        >
          <input
            id="selector.covidVaccination.0"
            name="covidVaccination"
            readonly=""
            type="radio"
            value="yes"
          />
          <span
            class="control-indicator"
          >
            <span
              class="makeStyles-indicator-39"
            >
              Yes
            </span>
          </span>
          <span
            class="control-label"
          />
        </li>
        <li
          class="MuiListItem-root makeStyles-root-38 MuiListItem-gutters"
        >
          <input
            id="selector.covidVaccination.1"
            name="covidVaccination"
            readonly=""
            type="radio"
            value="no"
          />
          <span
            class="control-indicator"
          >
            <span
              class="makeStyles-indicator-39"
            >
              No
            </span>
          </span>
          <span
            class="control-label"
          />
        </li>
      </ul>
    </div>
    <h4
      class="MuiTypography-root makeStyles-languageTitle-5 MuiTypography-h4"
    >
      Languages spoken
    </h4>
    <div
      class="MuiGrid-root MuiGrid-container MuiGrid-item MuiGrid-grid-xs-12"
    >
      <div
        class="MuiGrid-root MuiGrid-item MuiGrid-grid-xs-12"
      >
        <ul
          class="MuiList-root makeStyles-rootInline-37 makeStyles-selector-41 MuiList-padding"
        >
          <li
            class="MuiListItem-root makeStyles-root-44 pill MuiListItem-gutters"
          >
            <input
              checked=""
              class="makeStyles-input-47"
              id="selector.undefined.0"
              name=""
              readonly=""
              type="checkbox"
              value="ENGLISH"
            />
            <div
              class="MuiBox-root MuiBox-root-55 makeStyles-controlIndicator-48 sm"
              tabindex="0"
            >
              <p
                class="MuiTypography-root MuiTypography-body2"
              >
                English
              </p>
            </div>
          </li>
          <li
            class="MuiListItem-root makeStyles-root-44 pill MuiListItem-gutters"
          >
            <input
              class="makeStyles-input-47"
              id="selector.undefined.1"
              name=""
              readonly=""
              type="checkbox"
              value="SPANISH"
            />
            <div
              class="MuiBox-root MuiBox-root-56 makeStyles-controlIndicator-48 sm"
              tabindex="0"
            >
              <p
                class="MuiTypography-root MuiTypography-body2"
              >
                Spanish
              </p>
            </div>
          </li>
        </ul>
      </div>
      <button
        class="makeStyles-addLanguageButton-40"
        type="button"
      >
        <p
          class="MuiTypography-root MuiTypography-body2"
        >
          Add another language
        </p>
      </button>
    </div>
    <div
      class="makeStyles-wrapper-57"
    >
      <div
        class="makeStyles-fade-58"
        style="position: relative; width: auto; margin-bottom: -24px; padding: 32px 40px 24px;"
      >
        <button
          class="MuiButtonBase-root MuiButton-root MuiButton-contained MuiButton-containedPrimary MuiButton-containedSizeLarge MuiButton-sizeLarge MuiButton-fullWidth"
          tabindex="0"
          type="button"
        >
          <span
            class="MuiButton-label"
          >
            Next
          </span>
        </button>
      </div>
    </div>
  </div>
</DocumentFragment>
`;
